\BOOKMARK [1][-]{section.1}{\376\377\000I\000n\000t\000r\000o\000d\000u\000c\000c\000i\000\363\000n}{}% 1
\BOOKMARK [1][-]{section.2}{\376\377\000E\000l\000\040\000S\000i\000s\000t\000e\000m\000a}{}% 2
\BOOKMARK [2][-]{subsection.2.1}{\376\377\000C\000o\000n\000f\000i\000g\000u\000r\000a\000c\000i\000\363\000n\000\040\000d\000e\000l\000\040\000n\000o\000d\000o\000\040\000c\000e\000n\000t\000r\000a\000l}{section.2}% 3
\BOOKMARK [2][-]{subsection.2.2}{\376\377\000E\000m\000p\000a\000r\000e\000j\000a\000m\000i\000e\000n\000t\000o}{section.2}% 4
\BOOKMARK [1][-]{section.3}{\376\377\000I\000n\000i\000c\000i\000o\000\040\000d\000e\000\040\000S\000e\000s\000i\000\363\000n}{}% 5
\BOOKMARK [2][-]{subsection.3.1}{\376\377\000P\000r\000i\000m\000e\000r\000\040\000a\000c\000c\000e\000s\000o}{section.3}% 6
\BOOKMARK [2][-]{subsection.3.2}{\376\377\000C\000o\000n\000f\000i\000g\000u\000r\000a\000c\000i\000\363\000n\000\040\000i\000n\000i\000c\000i\000a\000l}{section.3}% 7
\BOOKMARK [2][-]{subsection.3.3}{\376\377\000C\000e\000r\000r\000a\000r\000\040\000s\000e\000s\000i\000\363\000n}{section.3}% 8
\BOOKMARK [1][-]{section.4}{\376\377\000D\000a\000s\000h\000b\000o\000a\000r\000d}{}% 9
\BOOKMARK [1][-]{section.5}{\376\377\000D\000i\000s\000p\000o\000s\000i\000t\000i\000v\000o\000s\000\040\000A\000c\000t\000i\000v\000o\000s}{}% 10
\BOOKMARK [2][-]{subsection.5.1}{\376\377\000F\000i\000l\000t\000r\000o\000s}{section.5}% 11
\BOOKMARK [2][-]{subsection.5.2}{\376\377\000T\000a\000r\000j\000e\000t\000a\000\040\000d\000e\000\040\000d\000i\000s\000p\000o\000s\000i\000t\000i\000v\000o}{section.5}% 12
\BOOKMARK [2][-]{subsection.5.3}{\376\377\000E\000d\000i\000t\000a\000r\000\040\000n\000o\000m\000b\000r\000e}{section.5}% 13
\BOOKMARK [1][-]{section.6}{\376\377\000P\000a\000n\000e\000l\000\040\000d\000e\000\040\000D\000e\000t\000a\000l\000l\000e\000\040\000d\000e\000l\000\040\000D\000i\000s\000p\000o\000s\000i\000t\000i\000v\000o}{}% 14
\BOOKMARK [2][-]{subsection.6.1}{\376\377\000E\000n\000c\000a\000b\000e\000z\000a\000d\000o}{section.6}% 15
\BOOKMARK [2][-]{subsection.6.2}{\376\377\000B\000o\000t\000\363\000n\000\040\000d\000e\000\040\000e\000n\000c\000e\000n\000d\000i\000d\000o\000/\000a\000p\000a\000g\000a\000d\000o}{section.6}% 16
\BOOKMARK [2][-]{subsection.6.3}{\376\377\000A\000p\000a\000g\000a\000d\000o\000\040\000p\000r\000o\000g\000r\000a\000m\000a\000d\000o\000\040\000p\000o\000r\000\040\000I\000A}{section.6}% 17
\BOOKMARK [2][-]{subsection.6.4}{\376\377\000A\000l\000e\000r\000t\000a\000\040\000B\000M\000S\000\040\000c\000r\000\355\000t\000i\000c\000a}{section.6}% 18
\BOOKMARK [2][-]{subsection.6.5}{\376\377\000S\000e\000g\000u\000r\000i\000d\000a\000d\000\040\000I\000A}{section.6}% 19
\BOOKMARK [2][-]{subsection.6.6}{\376\377\000T\000e\000l\000e\000m\000e\000t\000r\000\355\000a}{section.6}% 20
\BOOKMARK [2][-]{subsection.6.7}{\376\377\000P\000r\000i\000o\000r\000i\000d\000a\000d\000\040\000d\000e\000l\000\040\000d\000i\000s\000p\000o\000s\000i\000t\000i\000v\000o}{section.6}% 21
\BOOKMARK [2][-]{subsection.6.8}{\376\377\000H\000o\000r\000a\000r\000i\000o\000\040\000d\000e\000\040\000o\000p\000e\000r\000a\000c\000i\000\363\000n}{section.6}% 22
\BOOKMARK [2][-]{subsection.6.9}{\376\377\000L\000\355\000m\000i\000t\000e\000s\000\040\000d\000e\000\040\000s\000e\000g\000u\000r\000i\000d\000a\000d}{section.6}% 23
\BOOKMARK [1][-]{section.7}{\376\377\000L\000\355\000m\000i\000t\000e\000s\000\040\000d\000e\000\040\000S\000e\000g\000u\000r\000i\000d\000a\000d}{}% 24
\BOOKMARK [2][-]{subsection.7.1}{\376\377\000U\000m\000b\000r\000a\000l\000e\000s\000\040\000d\000i\000s\000p\000o\000n\000i\000b\000l\000e\000s}{section.7}% 25
\BOOKMARK [2][-]{subsection.7.2}{\376\377\000F\000o\000r\000m\000a\000s\000\040\000d\000e\000\040\000a\000j\000u\000s\000t\000e}{section.7}% 26
\BOOKMARK [2][-]{subsection.7.3}{\376\377\000M\000e\000d\000i\000d\000o\000r\000e\000s\000\040\000v\000i\000s\000u\000a\000l\000e\000s}{section.7}% 27
\BOOKMARK [2][-]{subsection.7.4}{\376\377\000G\000u\000a\000r\000d\000a\000r}{section.7}% 28
\BOOKMARK [1][-]{section.8}{\376\377\000H\000o\000r\000a\000r\000i\000o\000s\000\040\000d\000e\000\040\000O\000p\000e\000r\000a\000c\000i\000\363\000n}{}% 29
\BOOKMARK [2][-]{subsection.8.1}{\376\377\000C\000a\000m\000p\000o\000s\000\040\000d\000e\000\040\000c\000o\000n\000f\000i\000g\000u\000r\000a\000c\000i\000\363\000n}{section.8}% 30
\BOOKMARK [1][-]{section.9}{\376\377\000H\000i\000s\000t\000o\000r\000i\000a\000l\000\040\000d\000e\000\040\000E\000v\000e\000n\000t\000o\000s}{}% 31
\BOOKMARK [1][-]{section.10}{\376\377\000N\000o\000t\000i\000f\000i\000c\000a\000c\000i\000o\000n\000e\000s}{}% 32
\BOOKMARK [1][-]{section.11}{\376\377\000A\000n\000a\000l\000\355\000t\000i\000c\000a\000s}{}% 33
\BOOKMARK [2][-]{subsection.11.1}{\376\377\000S\000e\000l\000e\000c\000t\000o\000r\000\040\000d\000e\000\040\000p\000e\000r\000i\000o\000d\000o\000\040\000y\000\040\000d\000i\000s\000p\000o\000s\000i\000t\000i\000v\000o}{section.11}% 34
\BOOKMARK [2][-]{subsection.11.2}{\376\377\000T\000a\000r\000j\000e\000t\000a\000s\000\040\000r\000e\000s\000u\000m\000e\000n}{section.11}% 35
\BOOKMARK [2][-]{subsection.11.3}{\376\377\000G\000r\000\341\000f\000i\000c\000o\000s}{section.11}% 36
\BOOKMARK [2][-]{subsection.11.4}{\376\377\000E\000x\000p\000o\000r\000t\000a\000c\000i\000\363\000n}{section.11}% 37
\BOOKMARK [1][-]{section.12}{\376\377\000A\000j\000u\000s\000t\000e\000s}{}% 38
\BOOKMARK [2][-]{subsection.12.1}{\376\377\000C\000u\000e\000n\000t\000a}{section.12}% 39
\BOOKMARK [2][-]{subsection.12.2}{\376\377\000R\000e\000d\000\040\000y\000\040\000c\000o\000n\000e\000c\000t\000i\000v\000i\000d\000a\000d}{section.12}% 40
\BOOKMARK [2][-]{subsection.12.3}{\376\377\000A\000u\000t\000o\000m\000a\000t\000i\000z\000a\000c\000i\000\363\000n}{section.12}% 41
\BOOKMARK [2][-]{subsection.12.4}{\376\377\000A\000l\000e\000r\000t\000a\000s\000\040\000y\000\040\000n\000o\000t\000i\000f\000i\000c\000a\000c\000i\000o\000n\000e\000s}{section.12}% 42
\BOOKMARK [2][-]{subsection.12.5}{\376\377\000S\000i\000s\000t\000e\000m\000a\000\040\000y\000\040\000p\000r\000e\000f\000e\000r\000e\000n\000c\000i\000a\000s}{section.12}% 43
\BOOKMARK [2][-]{subsection.12.6}{\376\377\000D\000a\000t\000o\000s\000\040\000y\000\040\000r\000e\000p\000o\000r\000t\000e\000s}{section.12}% 44
